Fatal error: exception Failure("test: Declaration type does not match expression")