Fatal error: exception Invalid_argument("operator + not compatible with int and string")
