Fatal error: exception Invalid_argument("Invalid write to channel")