Error in semantic analysis
List must be initialized with expressions of the same type
