Fatal error: exception Invalid_argument("operator @ not compatible with out int")