Fatal error: exception Failure("Undeclared function sum")