Fatal error: exception Failure("tail: Declaration type does not match expression")