Fatal error: exception Failure("test2: Declaration type does not match expression")