Error in semantic analysis
test2: Declaration type does not match expression
Attempting to initialize list<double> with list<int>
